<?xml version="1.0" encoding="UTF-8"?>
<testsuites name="jest tests" tests="2" failures="0" time="2.314">
  <testsuite name="undefined" errors="0" failures="0" skipped="0" timestamp="2019-07-28T01:35:16" time="0.87" tests="1">
    <testcase classname=" renders without crashing" name=" renders without crashing" time="0.002">
    </testcase>
  </testsuite>
  <testsuite name="undefined" errors="0" failures="0" skipped="0" timestamp="2019-07-28T01:35:16" time="0.937" tests="1">
    <testcase classname=" renders without crashing" name=" renders without crashing" time="0.019">
    </testcase>
  </testsuite>
</testsuites>